// Jest Snapshot v1, https://goo.gl/fbAQLP

exports[`UsersList renders a snapshot 1`] = `
<div>
  <h4
    className="box title is-4"
  >
    kevin
  </h4>
  <h4
    className="box title is-4"
  >
    fredy
  </h4>
</div>
`;
